// Jest Snapshot v1, https://goo.gl/fbAQLP

exports[`<Planets /> renders if planets value is not set 1`] = `<div />`;

exports[`<Planets /> renders if planets value is set 1`] = `
<Router
  history={
    Object {
      "action": "POP",
      "block": [Function],
      "createHref": [Function],
      "go": [Function],
      "goBack": [Function],
      "goForward": [Function],
      "length": 1,
      "listen": [Function],
      "location": Object {
        "hash": "",
        "pathname": "/",
        "search": "",
        "state": undefined,
      },
      "push": [Function],
      "replace": [Function],
    }
  }
>
  <Planets>
    <div />
  </Planets>
</Router>
`;
