// Jest Snapshot v1, https://goo.gl/fbAQLP

exports[`<ImageUploader /> renders without crashing 1`] = `
<div
  className="filepond--wrapper"
>
  <input
    multiple={true}
    type="file"
  />
</div>
`;
