// Jest Snapshot v1, https://goo.gl/fbAQLP

exports[`<NoMatch /> renders without crashing 1`] = `
<div
  className="album py-5 bg-light"
>
  <div
    className="px-3 py-3 pt-md-5 pb-md-4 mx-auto text-center"
  >
    <h1
      className="display-4"
    >
      404
    </h1>
    <p
      className="lead"
    >
      Page you are looking doesn't exist. Please try different url.
    </p>
  </div>
</div>
`;
